==22055== Memcheck, a memory error detector
==22055== Copyright (C) 2002-2022, and GNU GPL'd, by Julian Seward et al.
==22055== Using Valgrind-3.22.0 and LibVEX; rerun with -h for copyright info
==22055== Command: ./minishell
==22055== Parent PID: 5332
==22055== 
==22055== 
==22055== FILE DESCRIPTORS: 4 open (3 std) at exit.
==22055== Open file descriptor 3: /home/milou/Documents/cursus/Minishell/valgrind.log
==22055==    <inherited from parent>
==22055== 
==22055== 
==22055== HEAP SUMMARY:
==22055==     in use at exit: 228,796 bytes in 233 blocks
==22055==   total heap usage: 464 allocs, 231 frees, 249,609 bytes allocated
==22055== 
==22055== LEAK SUMMARY:
==22055==    definitely lost: 0 bytes in 0 blocks
==22055==    indirectly lost: 0 bytes in 0 blocks
==22055==      possibly lost: 0 bytes in 0 blocks
==22055==    still reachable: 0 bytes in 0 blocks
==22055==         suppressed: 228,796 bytes in 233 blocks
==22055== 
==22055== For lists of detected and suppressed errors, rerun with: -s
==22055== ERROR SUMMARY: 0 errors from 0 contexts (suppressed: 0 from 0)
